<?xml version="1.0" encoding="UTF-8"?>
<TagRef>
    <PageRefs>
        <PageVm page="main">
            <TagComp compId="47268b01ed2cf2f9904a" tagId="ee4d6539-2c08-4cf5-a7ed-dcc6bce6f1f6,0bb75a58-f69e-4a82-8b38-84c2d691b902"/>
            <TagComp compId="4f8f99cf583fc4d69d8d" tagId="ee4d6539-2c08-4cf5-a7ed-dcc6bce6f1f6"/>
        </PageVm>
    </PageRefs>
</TagRef>
